2026-09-27 13:59:59,359 - ingestion_orchestrator - INFO - Initializing Data Ingestion Layer...
2026-09-27 13:59:59,359 - ingestion_orchestrator - INFO - --- Starting INSAT job ---
2026-09-27 13:59:59,360 - insat_fetch - INFO - Checking for new INSAT IR data...
2026-09-27 13:59:59,361 - insat_fetch - INFO - No manual data found. Generating mock INSAT IR test GeoTIFF at C:\Users\ASUS\OneDrive\Desktop\nowcast-system\engine\ingestion\..\data\insat\insat_20260927_0829.tif
2026-09-27 14:00:01,749 - insat_fetch - INFO - Mock GeoTIFF created.
2026-09-27 14:00:01,751 - ingestion_orchestrator - INFO - INSAT job completed successfully.
2026-09-27 14:00:01,752 - ingestion_orchestrator - INFO - --- Starting DWR Proxy job ---
2026-09-27 14:00:01,752 - dwr_proxy - INFO - Connecting to NOAA NEXRAD AWS bucket for station KTLX...
2026-09-27 14:00:04,766 - dwr_proxy - ERROR - Error in DWR proxy fetch: An error occurred (AccessDenied) when calling the ListObjectsV2 operation: Access Denied
2026-09-27 14:00:04,767 - ingestion_orchestrator - INFO - DWR Proxy job completed successfully.
2026-09-27 14:00:04,768 - ingestion_orchestrator - INFO - --- Starting Lightning Proxy job ---
2026-09-27 14:00:04,768 - lightning_proxy - INFO - Generating synthetic lightning points...
2026-09-27 14:00:04,839 - lightning_proxy - INFO - Saved 300 lightning proxy events to C:\Users\ASUS\OneDrive\Desktop\nowcast-system\engine\ingestion\..\data\lightning_proxy\lightning_proxy_20260927_0830.geojson
2026-09-27 14:00:04,841 - ingestion_orchestrator - INFO - Lightning Proxy job completed successfully.
2026-09-27 14:00:04,842 - ingestion_orchestrator - INFO - Scheduler started. Press Ctrl+C to exit.
2026-09-27 14:00:31,741 - ingestion_orchestrator - INFO - Initializing Data Ingestion Layer...
2026-09-27 14:00:31,742 - ingestion_orchestrator - INFO - --- Starting INSAT job ---
2026-09-27 14:00:31,742 - insat_fetch - INFO - Checking for new INSAT IR data...
2026-09-27 14:00:31,743 - insat_fetch - INFO - No manual data found. Generating mock INSAT IR test GeoTIFF at C:\Users\ASUS\OneDrive\Desktop\nowcast-system\engine\ingestion\..\data\insat\insat_20260927_0830.tif
2026-09-27 14:00:31,864 - insat_fetch - INFO - Mock GeoTIFF created.
2026-09-27 14:00:31,866 - ingestion_orchestrator - INFO - INSAT job completed successfully.
2026-09-27 14:00:31,866 - ingestion_orchestrator - INFO - --- Starting DWR Proxy job ---
2026-09-27 14:00:31,866 - dwr_proxy - INFO - Connecting to NOAA NEXRAD AWS bucket for station KTLX...
2026-09-27 14:00:34,565 - dwr_proxy - ERROR - Download failed: An error occurred (AccessDenied) when calling the ListObjectsV2 operation: Access Denied
2026-09-27 14:00:34,567 - dwr_proxy - WARNING - No radar file downloaded, falling back to pure pseudo-data generation.
2026-09-27 14:00:34,568 - dwr_proxy - INFO - Generating pseudo-data seeded from real file size (proxy_source: NEXRAD)
2026-09-27 14:00:34,793 - dwr_proxy - INFO - Saved DWR proxy grid to C:\Users\ASUS\OneDrive\Desktop\nowcast-system\engine\ingestion\..\data\dwr_proxy\dwr_proxy_20260927_0830.tif
2026-09-27 14:00:34,794 - ingestion_orchestrator - INFO - DWR Proxy job completed successfully.
2026-09-27 14:00:34,794 - ingestion_orchestrator - INFO - --- Starting Lightning Proxy job ---
2026-09-27 14:00:34,794 - lightning_proxy - INFO - Generating synthetic lightning points...
2026-09-27 14:00:34,931 - lightning_proxy - INFO - Saved 500 lightning proxy events to C:\Users\ASUS\OneDrive\Desktop\nowcast-system\engine\ingestion\..\data\lightning_proxy\lightning_proxy_20260927_0830.geojson
2026-09-27 14:00:34,932 - ingestion_orchestrator - INFO - Lightning Proxy job completed successfully.
2026-09-27 14:00:34,933 - ingestion_orchestrator - INFO - Scheduler started. Press Ctrl+C to exit.
2026-09-27 18:49:11,043 - ingestion_orchestrator - INFO - Initializing Data Ingestion Layer...
2026-09-27 18:49:11,044 - ingestion_orchestrator - INFO - --- Starting INSAT job ---
2026-09-27 18:49:11,045 - insat_fetch - INFO - Checking for new INSAT IR data...
2026-09-27 18:49:11,047 - insat_fetch - INFO - No manual data found. Generating mock INSAT IR test GeoTIFF at C:\Users\ASUS\OneDrive\Desktop\nowcast-system\engine\ingestion\..\data\insat\insat_20260927_1319.tif
2026-09-27 18:49:11,281 - insat_fetch - INFO - Mock GeoTIFF created.
2026-09-27 18:49:11,282 - ingestion_orchestrator - INFO - INSAT job completed successfully.
2026-09-27 18:49:11,282 - ingestion_orchestrator - INFO - --- Starting DWR Proxy job ---
2026-09-27 18:49:11,283 - dwr_proxy - INFO - Connecting to NOAA NEXRAD AWS bucket for station KTLX...
2026-09-27 18:49:15,054 - dwr_proxy - ERROR - Download failed: An error occurred (AccessDenied) when calling the ListObjectsV2 operation: Access Denied
2026-09-27 18:49:15,058 - dwr_proxy - WARNING - No radar file downloaded, falling back to pure pseudo-data generation.
2026-09-27 18:49:15,059 - dwr_proxy - INFO - Generating pseudo-data seeded from real file size (proxy_source: NEXRAD)
2026-09-27 18:49:15,290 - dwr_proxy - INFO - Saved DWR proxy grid to C:\Users\ASUS\OneDrive\Desktop\nowcast-system\engine\ingestion\..\data\dwr_proxy\dwr_proxy_20260927_1319.tif
2026-09-27 18:49:15,291 - ingestion_orchestrator - INFO - DWR Proxy job completed successfully.
2026-09-27 18:49:15,291 - ingestion_orchestrator - INFO - --- Starting Lightning Proxy job ---
2026-09-27 18:49:15,292 - lightning_proxy - INFO - Generating synthetic lightning points...
2026-09-27 18:49:15,513 - lightning_proxy - INFO - Saved 500 lightning proxy events to C:\Users\ASUS\OneDrive\Desktop\nowcast-system\engine\ingestion\..\data\lightning_proxy\lightning_proxy_20260927_1319.geojson
2026-09-27 18:49:15,515 - ingestion_orchestrator - INFO - Lightning Proxy job completed successfully.
2026-09-27 18:49:15,515 - ingestion_orchestrator - INFO - Scheduler started. Press Ctrl+C to exit.
2026-09-27 20:13:54,759 - ingestion_orchestrator - INFO - Initializing Data Ingestion Layer...
2026-09-27 20:13:54,762 - ingestion_orchestrator - INFO - --- Starting INSAT job ---
2026-09-27 20:13:54,762 - insat_fetch - INFO - Checking for new INSAT IR data...
2026-09-27 20:13:54,763 - insat_fetch - INFO - No manual data found. Generating mock INSAT IR test GeoTIFF at C:\Users\ASUS\OneDrive\Desktop\nowcast-system\engine\ingestion\..\data\insat\insat_20260927_1443.tif
2026-09-27 20:13:54,838 - insat_fetch - INFO - Mock GeoTIFF created.
2026-09-27 20:13:54,840 - ingestion_orchestrator - INFO - INSAT job completed successfully.
2026-09-27 20:13:54,841 - ingestion_orchestrator - INFO - --- Starting DWR Proxy job ---
2026-09-27 20:13:54,841 - dwr_proxy - INFO - Connecting to NOAA NEXRAD AWS bucket for station KABR...
2026-09-27 20:13:56,397 - dwr_proxy - INFO - Attempting to list objects with Prefix: 2026/09/27/KABR/ in Bucket: unidata-nexrad-level2
2026-09-27 20:13:59,555 - dwr_proxy - INFO - Downloading 2026/09/27/KABR/KABR20260927_143754_V06 to C:\Users\ASUS\OneDrive\Desktop\nowcast-system\engine\ingestion\..\data\dwr_proxy\KABR20260927_143754_V06...
2026-09-27 20:14:16,681 - dwr_proxy - INFO - Download complete.
2026-09-27 20:14:16,684 - dwr_proxy - INFO - Parsing NEXRAD with PyART...
2026-09-27 20:14:21,234 - dwr_proxy - ERROR - PyART processing failed: No module named 'cv2'. Falling back to pseudo-data.
2026-09-27 20:14:21,468 - dwr_proxy - INFO - Saved DWR proxy grid to C:\Users\ASUS\OneDrive\Desktop\nowcast-system\engine\ingestion\..\data\dwr_proxy\dwr_proxy_20260927_1444.tif
2026-09-27 20:14:21,470 - ingestion_orchestrator - INFO - DWR Proxy job completed successfully.
2026-09-27 20:14:21,470 - ingestion_orchestrator - INFO - --- Starting Lightning Proxy job ---
2026-09-27 20:14:21,471 - lightning_proxy - INFO - Generating synthetic lightning points...
2026-09-27 20:14:21,795 - lightning_proxy - INFO - Saved 500 lightning proxy events to C:\Users\ASUS\OneDrive\Desktop\nowcast-system\engine\ingestion\..\data\lightning_proxy\lightning_proxy_20260927_1444.geojson
2026-09-27 20:14:21,796 - ingestion_orchestrator - INFO - Lightning Proxy job completed successfully.
2026-09-27 20:14:21,797 - ingestion_orchestrator - INFO - Scheduler started. Press Ctrl+C to exit.
2026-09-27 20:31:19,986 - ingestion_orchestrator - INFO - Initializing Data Ingestion Layer...
2026-09-27 20:31:19,989 - ingestion_orchestrator - INFO - --- Starting INSAT job ---
2026-09-27 20:31:19,989 - insat_fetch - INFO - Checking for new INSAT IR data...
2026-09-27 20:31:19,992 - insat_fetch - INFO - No manual data found. Generating mock INSAT IR test GeoTIFF at C:\Users\ASUS\OneDrive\Desktop\nowcast-system\engine\ingestion\..\data\insat\insat_20260927_1501.tif
2026-09-27 20:31:20,068 - insat_fetch - INFO - Mock GeoTIFF created.
2026-09-27 20:31:20,070 - ingestion_orchestrator - INFO - INSAT job completed successfully.
2026-09-27 20:31:20,070 - ingestion_orchestrator - INFO - --- Starting DWR Proxy job ---
2026-09-27 20:31:20,070 - dwr_proxy - INFO - Connecting to NOAA NEXRAD AWS bucket for station KABR...
2026-09-27 20:31:21,747 - dwr_proxy - INFO - Attempting to list objects with Prefix: 2026/09/27/KABR/ in Bucket: unidata-nexrad-level2
2026-09-27 20:31:23,694 - dwr_proxy - INFO - Downloading 2026/09/27/KABR/KABR20260927_145503_V06 to C:\Users\ASUS\OneDrive\Desktop\nowcast-system\engine\ingestion\..\data\dwr_proxy\KABR20260927_145503_V06...
2026-09-27 20:31:31,845 - dwr_proxy - INFO - Download complete.
2026-09-27 20:31:31,848 - dwr_proxy - INFO - Parsing NEXRAD with PyART...
2026-09-27 20:31:38,823 - dwr_proxy - INFO - Real NEXRAD data mapped to India grid.
2026-09-27 20:31:38,849 - dwr_proxy - INFO - Saved DWR proxy grid to C:\Users\ASUS\OneDrive\Desktop\nowcast-system\engine\ingestion\..\data\dwr_proxy\dwr_proxy_20260927_1501.tif
2026-09-27 20:31:38,850 - ingestion_orchestrator - INFO - DWR Proxy job completed successfully.
2026-09-27 20:31:38,850 - ingestion_orchestrator - INFO - --- Starting Lightning Proxy job ---
2026-09-27 20:31:38,851 - lightning_proxy - INFO - Generating synthetic lightning points...
2026-09-27 20:31:38,930 - lightning_proxy - INFO - Saved 112 lightning proxy events to C:\Users\ASUS\OneDrive\Desktop\nowcast-system\engine\ingestion\..\data\lightning_proxy\lightning_proxy_20260927_1501.geojson
2026-09-27 20:31:38,931 - ingestion_orchestrator - INFO - Lightning Proxy job completed successfully.
2026-09-27 20:31:38,932 - ingestion_orchestrator - INFO - Scheduler started. Press Ctrl+C to exit.
2026-09-27 21:48:05,391 - ingestion_orchestrator - INFO - Initializing Data Ingestion Layer...
2026-09-27 21:48:05,391 - ingestion_orchestrator - INFO - --- Starting INSAT job ---
2026-09-27 21:48:05,392 - insat_fetch - INFO - Checking for new INSAT IR data...
2026-09-27 21:48:05,393 - insat_fetch - INFO - No manual data found. Generating mock INSAT IR test GeoTIFF at C:\Users\ASUS\OneDrive\Desktop\nowcast-system\engine\ingestion\..\data\insat\insat_20260927_1618.tif
2026-09-27 21:48:05,446 - insat_fetch - INFO - Mock GeoTIFF created.
2026-09-27 21:48:05,447 - ingestion_orchestrator - INFO - INSAT job completed successfully.
2026-09-27 21:48:05,448 - ingestion_orchestrator - INFO - --- Starting DWR Proxy job ---
2026-09-27 21:48:05,448 - dwr_proxy - INFO - Connecting to NOAA NEXRAD AWS bucket for station KABR...
2026-09-27 21:48:06,691 - dwr_proxy - INFO - Attempting to list objects with Prefix: 2026/09/27/KABR/ in Bucket: unidata-nexrad-level2
2026-09-27 21:48:08,673 - dwr_proxy - INFO - Downloading 2026/09/27/KABR/KABR20260927_161144_V06 to C:\Users\ASUS\OneDrive\Desktop\nowcast-system\engine\ingestion\..\data\dwr_proxy\KABR20260927_161144_V06...
2026-09-27 21:48:19,023 - dwr_proxy - INFO - Download complete.
2026-09-27 21:48:19,027 - dwr_proxy - INFO - Parsing NEXRAD with PyART...
2026-09-27 21:48:23,362 - dwr_proxy - INFO - Real NEXRAD data mapped to India grid.
2026-09-27 21:48:23,382 - dwr_proxy - INFO - Saved DWR proxy grid to C:\Users\ASUS\OneDrive\Desktop\nowcast-system\engine\ingestion\..\data\dwr_proxy\dwr_proxy_20260927_1618.tif
2026-09-27 21:48:23,384 - ingestion_orchestrator - INFO - DWR Proxy job completed successfully.
2026-09-27 21:48:23,384 - ingestion_orchestrator - INFO - --- Starting Lightning Proxy job ---
2026-09-27 21:48:23,384 - lightning_proxy - INFO - Generating synthetic lightning points...
2026-09-27 21:48:23,445 - lightning_proxy - INFO - Saved 115 lightning proxy events to C:\Users\ASUS\OneDrive\Desktop\nowcast-system\engine\ingestion\..\data\lightning_proxy\lightning_proxy_20260927_1618.geojson
2026-09-27 21:48:23,446 - ingestion_orchestrator - INFO - Lightning Proxy job completed successfully.
2026-09-27 21:48:23,446 - ingestion_orchestrator - INFO - Scheduler started. Press Ctrl+C to exit.
